This is pdfTeX, Version 3.141592653-2.6-1.40.25 (TeX Live 2023/Debian) (preloaded format=pdflatex 2025.10.23)  7 DEC 2025 04:27
entering extended mode
 restricted \write18 enabled.
 %&-line parsing enabled.
**projekt.tex
(./projekt.tex
LaTeX2e <2023-11-01> patch level 1
L3 programming layer <2024-01-22>
(/usr/share/texlive/texmf-dist/tex/latex/base/article.cls
Document Class: article 2023/05/17 v1.4n Standard LaTeX document class
(/usr/share/texlive/texmf-dist/tex/latex/base/size12.clo
File: size12.clo 2023/05/17 v1.4n Standard LaTeX file (size option)
)
\c@part=\count187
\c@section=\count188
\c@subsection=\count189
\c@subsubsection=\count190
\c@paragraph=\count191
\c@subparagraph=\count192
\c@figure=\count193
\c@table=\count194
\abovecaptionskip=\skip48
\belowcaptionskip=\skip49
\bibindent=\dimen140
)
(/usr/share/texlive/texmf-dist/tex/latex/base/inputenc.sty
Package: inputenc 2021/02/14 v1.3d Input encoding file
\inpenc@prehook=\toks17
\inpenc@posthook=\toks18
)
(/usr/share/texlive/texmf-dist/tex/generic/babel/babel.sty
Package: babel 2024/01/07 v24.1 The Babel package
\babel@savecnt=\count195
\U@D=\dimen141
\l@unhyphenated=\language89

(/usr/share/texlive/texmf-dist/tex/generic/babel/txtbabel.def)
\bbl@readstream=\read2
\bbl@dirlevel=\count196

(/usr/share/texlive/texmf-dist/tex/generic/babel-slovak/slovak.ldf
Language: slovak 2008/07/06 v3.1a Slovak support from the babel system
Package babel Info: Making ^ an active character on input line 123.
Package babel Info: Making " an active character on input line 126.
Package babel Info: Making ' an active character on input line 129.
\cs@wordlen=\count197
Package babel Info: Making - an active character on input line 294.
))
(/usr/share/texlive/texmf-dist/tex/generic/babel/locale/sk/babel-slovak.tex
Package babel Info: Importing font and identification data for slovak
(babel)             from babel-sk.ini. Reported on input line 11.
)
(/usr/share/texlive/texmf-dist/tex/latex/base/fontenc.sty
Package: fontenc 2021/04/29 v2.0v Standard LaTeX package
)
(/usr/share/texlive/texmf-dist/tex/latex/graphics/graphicx.sty
Package: graphicx 2021/09/16 v1.2d Enhanced LaTeX Graphics (DPC,SPQR)

(/usr/share/texlive/texmf-dist/tex/latex/graphics/keyval.sty
Package: keyval 2022/05/29 v1.15 key=value parser (DPC)
\KV@toks@=\toks19
)
(/usr/share/texlive/texmf-dist/tex/latex/graphics/graphics.sty
Package: graphics 2022/03/10 v1.4e Standard LaTeX Graphics (DPC,SPQR)

(/usr/share/texlive/texmf-dist/tex/latex/graphics/trig.sty
Package: trig 2021/08/11 v1.11 sin cos tan (DPC)
)
(/usr/share/texlive/texmf-dist/tex/latex/graphics-cfg/graphics.cfg
File: graphics.cfg 2016/06/04 v1.11 sample graphics configuration
)
Package graphics Info: Driver file: pdftex.def on input line 107.

(/usr/share/texlive/texmf-dist/tex/latex/graphics-def/pdftex.def
File: pdftex.def 2022/09/22 v1.2b Graphics/color driver for pdftex
))
\Gin@req@height=\dimen142
\Gin@req@width=\dimen143
)
(/usr/share/texlive/texmf-dist/tex/latex/geometry/geometry.sty
Package: geometry 2020/01/02 v5.9 Page Geometry

(/usr/share/texlive/texmf-dist/tex/generic/iftex/ifvtex.sty
Package: ifvtex 2019/10/25 v1.7 ifvtex legacy package. Use iftex instead.

(/usr/share/texlive/texmf-dist/tex/generic/iftex/iftex.sty
Package: iftex 2022/02/03 v1.0f TeX engine tests
))
\Gm@cnth=\count198
\Gm@cntv=\count199
\c@Gm@tempcnt=\count266
\Gm@bindingoffset=\dimen144
\Gm@wd@mp=\dimen145
\Gm@odd@mp=\dimen146
\Gm@even@mp=\dimen147
\Gm@layoutwidth=\dimen148
\Gm@layoutheight=\dimen149
\Gm@layouthoffset=\dimen150
\Gm@layoutvoffset=\dimen151
\Gm@dimlist=\toks20
)
(/usr/share/texlive/texmf-dist/tex/latex/amsmath/amsmath.sty
Package: amsmath 2023/05/13 v2.17o AMS math features
\@mathmargin=\skip50

For additional information on amsmath, use the `?' option.
(/usr/share/texlive/texmf-dist/tex/latex/amsmath/amstext.sty
Package: amstext 2021/08/26 v2.01 AMS text

(/usr/share/texlive/texmf-dist/tex/latex/amsmath/amsgen.sty
File: amsgen.sty 1999/11/30 v2.0 generic functions
\@emptytoks=\toks21
\ex@=\dimen152
))
(/usr/share/texlive/texmf-dist/tex/latex/amsmath/amsbsy.sty
Package: amsbsy 1999/11/29 v1.2d Bold Symbols
\pmbraise@=\dimen153
)
(/usr/share/texlive/texmf-dist/tex/latex/amsmath/amsopn.sty
Package: amsopn 2022/04/08 v2.04 operator names
)
\inf@bad=\count267
LaTeX Info: Redefining \frac on input line 234.
\uproot@=\count268
\leftroot@=\count269
LaTeX Info: Redefining \overline on input line 399.
LaTeX Info: Redefining \colon on input line 410.
\classnum@=\count270
\DOTSCASE@=\count271
LaTeX Info: Redefining \ldots on input line 496.
LaTeX Info: Redefining \dots on input line 499.
LaTeX Info: Redefining \cdots on input line 620.
\Mathstrutbox@=\box51
\strutbox@=\box52
LaTeX Info: Redefining \big on input line 722.
LaTeX Info: Redefining \Big on input line 723.
LaTeX Info: Redefining \bigg on input line 724.
LaTeX Info: Redefining \Bigg on input line 725.
\big@size=\dimen154
LaTeX Font Info:    Redeclaring font encoding OML on input line 743.
LaTeX Font Info:    Redeclaring font encoding OMS on input line 744.
\macc@depth=\count272
LaTeX Info: Redefining \bmod on input line 905.
LaTeX Info: Redefining \pmod on input line 910.
LaTeX Info: Redefining \smash on input line 940.
LaTeX Info: Redefining \relbar on input line 970.
LaTeX Info: Redefining \Relbar on input line 971.
\c@MaxMatrixCols=\count273
\dotsspace@=\muskip16
\c@parentequation=\count274
\dspbrk@lvl=\count275
\tag@help=\toks22
\row@=\count276
\column@=\count277
\maxfields@=\count278
\andhelp@=\toks23
\eqnshift@=\dimen155
\alignsep@=\dimen156
\tagshift@=\dimen157
\tagwidth@=\dimen158
\totwidth@=\dimen159
\lineht@=\dimen160
\@envbody=\toks24
\multlinegap=\skip51
\multlinetaggap=\skip52
\mathdisplay@stack=\toks25
LaTeX Info: Redefining \[ on input line 2953.
LaTeX Info: Redefining \] on input line 2954.
)
(/usr/share/texlive/texmf-dist/tex/latex/amsfonts/amssymb.sty
Package: amssymb 2013/01/14 v3.01 AMS font symbols

(/usr/share/texlive/texmf-dist/tex/latex/amsfonts/amsfonts.sty
Package: amsfonts 2013/01/14 v3.01 Basic AMSFonts support
\symAMSa=\mathgroup4
\symAMSb=\mathgroup5
LaTeX Font Info:    Redeclaring math symbol \hbar on input line 98.
LaTeX Font Info:    Overwriting math alphabet `\mathfrak' in version `bold'
(Font)                  U/euf/m/n --> U/euf/b/n on input line 106.
))
(/usr/share/texlive/texmf-dist/tex/latex/float/float.sty
Package: float 2001/11/08 v1.3d Float enhancements (AL)
\c@float@type=\count279
\float@exts=\toks26
\float@box=\box53
\@float@everytoks=\toks27
\@floatcapt=\box54
)
(/usr/share/texlive/texmf-dist/tex/latex/caption/caption.sty
Package: caption 2023/08/05 v3.6o Customizing captions (AR)

(/usr/share/texlive/texmf-dist/tex/latex/caption/caption3.sty
Package: caption3 2023/07/31 v2.4d caption3 kernel (AR)
\caption@tempdima=\dimen161
\captionmargin=\dimen162
\caption@leftmargin=\dimen163
\caption@rightmargin=\dimen164
\caption@width=\dimen165
\caption@indent=\dimen166
\caption@parindent=\dimen167
\caption@hangindent=\dimen168
Package caption Info: Standard document class detected.
)
\c@caption@flags=\count280
\c@continuedfloat=\count281
Package caption Info: float package is loaded.
)
(/usr/share/texlive/texmf-dist/tex/latex/caption/subcaption.sty
Package: subcaption 2023/07/28 v1.6b Sub-captions (AR)
Package caption Info: New subtype `subfigure' on input line 238.
\c@subfigure=\count282
Package caption Info: New subtype `subtable' on input line 238.
\c@subtable=\count283
)
(/usr/share/texlive/texmf-dist/tex/latex/multirow/multirow.sty
Package: multirow 2021/03/15 v2.8 Span multiple rows of a table
\multirow@colwidth=\skip53
\multirow@cntb=\count284
\multirow@dima=\skip54
\bigstrutjot=\dimen169
)
(/usr/share/texlive/texmf-dist/tex/latex/booktabs/booktabs.sty
Package: booktabs 2020/01/12 v1.61803398 Publication quality tables
\heavyrulewidth=\dimen170
\lightrulewidth=\dimen171
\cmidrulewidth=\dimen172
\belowrulesep=\dimen173
\belowbottomsep=\dimen174
\aboverulesep=\dimen175
\abovetopsep=\dimen176
\cmidrulesep=\dimen177
\cmidrulekern=\dimen178
\defaultaddspace=\dimen179
\@cmidla=\count285
\@cmidlb=\count286
\@aboverulesep=\dimen180
\@belowrulesep=\dimen181
\@thisruleclass=\count287
\@lastruleclass=\count288
\@thisrulewidth=\dimen182
)
(/usr/share/texlive/texmf-dist/tex/latex/siunitx/siunitx.sty
Package: siunitx 2024-01-25 v3.3.10 A comprehensive (SI) units package
\l__siunitx_number_uncert_offset_int=\count289
\l__siunitx_number_exponent_fixed_int=\count290
\l__siunitx_number_min_decimal_int=\count291
\l__siunitx_number_min_integer_int=\count292
\l__siunitx_number_round_precision_int=\count293
\l__siunitx_number_lower_threshold_int=\count294
\l__siunitx_number_upper_threshold_int=\count295
\l__siunitx_number_group_first_int=\count296
\l__siunitx_number_group_size_int=\count297
\l__siunitx_number_group_minimum_int=\count298
\l__siunitx_angle_tmp_dim=\dimen183
\l__siunitx_angle_marker_box=\box55
\l__siunitx_angle_unit_box=\box56
\l__siunitx_compound_count_int=\count299

(/usr/share/texlive/texmf-dist/tex/latex/translations/translations.sty
Package: translations 2022/02/05 v1.12 internationalization of LaTeX2e packages
 (CN)

(/usr/share/texlive/texmf-dist/tex/latex/etoolbox/etoolbox.sty
Package: etoolbox 2020/10/05 v2.5k e-TeX tools for LaTeX (JAW)
\etb@tempcnta=\count300
)
(/usr/share/texlive/texmf-dist/tex/generic/pdftexcmds/pdftexcmds.sty
Package: pdftexcmds 2020-06-27 v0.33 Utility functions of pdfTeX for LuaTeX (HO
)

(/usr/share/texlive/texmf-dist/tex/generic/infwarerr/infwarerr.sty
Package: infwarerr 2019/12/03 v1.5 Providing info/warning/error messages (HO)
)
(/usr/share/texlive/texmf-dist/tex/generic/ltxcmds/ltxcmds.sty
Package: ltxcmds 2023-12-04 v1.26 LaTeX kernel commands for general use (HO)
)
Package pdftexcmds Info: \pdf@primitive is available.
Package pdftexcmds Info: \pdf@ifprimitive is available.
Package pdftexcmds Info: \pdfdraftmode found.
))
\l__siunitx_table_tmp_box=\box57
\l__siunitx_table_tmp_dim=\dimen184
\l__siunitx_table_column_width_dim=\dimen185
\l__siunitx_table_integer_box=\box58
\l__siunitx_table_decimal_box=\box59
\l__siunitx_table_uncert_box=\box60
\l__siunitx_table_before_box=\box61
\l__siunitx_table_after_box=\box62
\l__siunitx_table_before_dim=\dimen186
\l__siunitx_table_carry_dim=\dimen187
\l__siunitx_unit_tmp_int=\count301
\l__siunitx_unit_position_int=\count302
\l__siunitx_unit_total_int=\count303

(/usr/share/texlive/texmf-dist/tex/latex/tools/array.sty
Package: array 2023/10/16 v2.5g Tabular extension package (FMi)
\col@sep=\dimen188
\ar@mcellbox=\box63
\extrarowheight=\dimen189
\NC@list=\toks28
\extratabsurround=\skip55
\backup@length=\skip56
\ar@cellbox=\box64
))

Package siunitx Info: Option "group-digits = false" has been deprecated in
(siunitx)             this release.
(siunitx)             
(siunitx)             Use "group-digits = none" as a replacement.



Package geometry Warning: Over-specification in `h'-direction.
    `width' (483.69684pt) is ignored.


Package geometry Warning: Over-specification in `v'-direction.
    `height' (731.23582pt) is ignored.

(/usr/share/texlive/texmf-dist/tex/latex/graphics/color.sty
Package: color 2022/01/06 v1.3d Standard LaTeX Color (DPC)

(/usr/share/texlive/texmf-dist/tex/latex/graphics-cfg/color.cfg
File: color.cfg 2016/01/02 v1.6 sample color configuration
)
Package color Info: Driver file: pdftex.def on input line 149.

(/usr/share/texlive/texmf-dist/tex/latex/graphics/mathcolor.ltx))
(/usr/share/texlive/texmf-dist/tex/latex/l3backend/l3backend-pdftex.def
File: l3backend-pdftex.def 2024-01-04 L3 backend support: PDF output (pdfTeX)
\l__color_backend_stack_int=\count304
\l__pdf_internal_box=\box65
)
(./projekt.aux)
\openout1 = `projekt.aux'.

LaTeX Font Info:    Checking defaults for OML/cmm/m/it on input line 42.
LaTeX Font Info:    ... okay on input line 42.
LaTeX Font Info:    Checking defaults for OMS/cmsy/m/n on input line 42.
LaTeX Font Info:    ... okay on input line 42.
LaTeX Font Info:    Checking defaults for OT1/cmr/m/n on input line 42.
LaTeX Font Info:    ... okay on input line 42.
LaTeX Font Info:    Checking defaults for T1/cmr/m/n on input line 42.
LaTeX Font Info:    ... okay on input line 42.
LaTeX Font Info:    Checking defaults for TS1/cmr/m/n on input line 42.
LaTeX Font Info:    ... okay on input line 42.
LaTeX Font Info:    Checking defaults for OMX/cmex/m/n on input line 42.
LaTeX Font Info:    ... okay on input line 42.
LaTeX Font Info:    Checking defaults for U/cmr/m/n on input line 42.
LaTeX Font Info:    ... okay on input line 42.

(/usr/share/texlive/texmf-dist/tex/context/base/mkii/supp-pdf.mkii
[Loading MPS to PDF converter (version 2006.09.02).]
\scratchcounter=\count305
\scratchdimen=\dimen190
\scratchbox=\box66
\nofMPsegments=\count306
\nofMParguments=\count307
\everyMPshowfont=\toks29
\MPscratchCnt=\count308
\MPscratchDim=\dimen191
\MPnumerator=\count309
\makeMPintoPDFobject=\count310
\everyMPtoPDFconversion=\toks30
) (/usr/share/texlive/texmf-dist/tex/latex/epstopdf-pkg/epstopdf-base.sty
Package: epstopdf-base 2020-01-24 v2.11 Base part for package epstopdf
Package epstopdf-base Info: Redefining graphics rule for `.eps' on input line 4
85.

(/usr/share/texlive/texmf-dist/tex/latex/latexconfig/epstopdf-sys.cfg
File: epstopdf-sys.cfg 2010/07/13 v1.3 Configuration of (r)epstopdf for TeX Liv
e
))
*geometry* driver: auto-detecting
*geometry* detected driver: pdftex
*geometry* verbose mode - [ preamble ] result:
* driver: pdftex
* paper: a4paper
* layout: <same size as paper>
* layoutoffset:(h,v)=(0.0pt,0.0pt)
* modes: 
* h-part:(L,W,R)=(56.9055pt, 483.69687pt, 56.9055pt)
* v-part:(T,H,B)=(56.9055pt, 731.23584pt, 56.9055pt)
* \paperwidth=597.50787pt
* \paperheight=845.04684pt
* \textwidth=483.69687pt
* \textheight=731.23584pt
* \oddsidemargin=-15.36449pt
* \evensidemargin=-15.36449pt
* \topmargin=-52.36449pt
* \headheight=12.0pt
* \headsep=25.0pt
* \topskip=12.0pt
* \footskip=30.0pt
* \marginparwidth=35.0pt
* \marginparsep=10.0pt
* \columnsep=10.0pt
* \skip\footins=10.8pt plus 4.0pt minus 2.0pt
* \hoffset=0.0pt
* \voffset=0.0pt
* \mag=1000
* \@twocolumnfalse
* \@twosidefalse
* \@mparswitchfalse
* \@reversemarginfalse
* (1in=72.27pt=25.4mm, 1cm=28.453pt)

Package caption Info: Begin \AtBeginDocument code.
Package caption Info: End \AtBeginDocument code.
Package translations Info: no dictionary file `translations-basic-dictionary-sl
ovak.trsl' found. on input line 42.
<files/logo_cz.png, id=1, 2713.13625pt x 602.25pt>
File: files/logo_cz.png Graphic file (type png)
<use files/logo_cz.png>
Package pdftex.def Info: files/logo_cz.png  used on input line 54.
(pdftex.def)             Requested size: 241.84843pt x 53.67635pt.
[1

{/var/lib/texmf/fonts/map/pdftex/updmap/pdftex.map}{/usr/share/texmf/fonts/enc/
dvips/cm-super/cm-super-t1.enc} <./files/logo_cz.png>]
LaTeX Font Info:    Trying to load font information for U+msa on input line 91.


(/usr/share/texlive/texmf-dist/tex/latex/amsfonts/umsa.fd
File: umsa.fd 2013/01/14 v3.01 AMS symbols A
)
LaTeX Font Info:    Trying to load font information for U+msb on input line 91.


(/usr/share/texlive/texmf-dist/tex/latex/amsfonts/umsb.fd
File: umsb.fd 2013/01/14 v3.01 AMS symbols B
)

pdfTeX warning: pdflatex (file ./files/obr/Pr1_2025.pdf): PDF inclusion: found 
PDF version <1.7>, but at most version <1.5> allowed
<files/obr/Pr1_2025.pdf, id=15, 577.15625pt x 371.3875pt>
File: files/obr/Pr1_2025.pdf Graphic file (type pdf)
<use files/obr/Pr1_2025.pdf>
Package pdftex.def Info: files/obr/Pr1_2025.pdf  used on input line 105.
(pdftex.def)             Requested size: 241.84843pt x 155.62466pt.
<files/1/circuit.png, id=16, 401.5pt x 260.975pt>
File: files/1/circuit.png Graphic file (type png)
<use files/1/circuit.png>
Package pdftex.def Info: files/1/circuit.png  used on input line 121.
(pdftex.def)             Requested size: 193.47578pt x 125.76036pt.
[1 <./files/obr/Pr1_2025.pdf> <./files/1/circuit.png>]
<files/1/circuit(1).png, id=32, 401.5pt x 260.975pt>
File: files/1/circuit(1).png Graphic file (type png)
<use files/1/circuit(1).png>
Package pdftex.def Info: files/1/circuit(1).png  used on input line 140.
(pdftex.def)             Requested size: 195.89456pt x 127.33331pt.
<files/1/hviezda.png, id=33, 291.0875pt x 225.84375pt>
File: files/1/hviezda.png Graphic file (type png)
<use files/1/hviezda.png>
Package pdftex.def Info: files/1/hviezda.png  used on input line 145.
(pdftex.def)             Requested size: 152.36281pt x 118.21478pt.
<files/1/circuit(2).png, id=34, 281.05pt x 220.825pt>
File: files/1/circuit(2).png Graphic file (type png)
<use files/1/circuit(2).png>
Package pdftex.def Info: files/1/circuit(2).png  used on input line 170.
(pdftex.def)             Requested size: 145.11053pt x 114.01422pt.
<files/1/circuit(3).png, id=35, 240.9pt x 200.75pt>
File: files/1/circuit(3).png Graphic file (type png)
<use files/1/circuit(3).png>
Package pdftex.def Info: files/1/circuit(3).png  used on input line 171.
(pdftex.def)             Requested size: 145.11053pt x 120.92877pt.
 [2 <./files/1/circuit(1).png> <./files/1/hviezda.png> <./files/1/circuit(2).pn
g> <./files/1/circuit(3).png>] [3]

pdfTeX warning: pdflatex (file ./files/obr/Pr2_2025.pdf): PDF inclusion: found 
PDF version <1.7>, but at most version <1.5> allowed
<files/obr/Pr2_2025.pdf, id=45, 389.455pt x 257.96375pt>
File: files/obr/Pr2_2025.pdf Graphic file (type pdf)
<use files/obr/Pr2_2025.pdf>
Package pdftex.def Info: files/obr/Pr2_2025.pdf  used on input line 209.
(pdftex.def)             Requested size: 241.84843pt x 160.19171pt.
<files/2/UI/circuit.png, id=46, 381.425pt x 260.975pt>
File: files/2/UI/circuit.png Graphic file (type png)
<use files/2/UI/circuit.png>
Package pdftex.def Info: files/2/UI/circuit.png  used on input line 219.
(pdftex.def)             Requested size: 111.2482pt x 76.11487pt.
<files/2/UI/circuit(1).png, id=47, 281.05pt x 180.675pt>
File: files/2/UI/circuit(1).png Graphic file (type png)
<use files/2/UI/circuit(1).png>
Package pdftex.def Info: files/2/UI/circuit(1).png  used on input line 220.
(pdftex.def)             Requested size: 111.2482pt x 71.51608pt.
<files/2/UI/circuit(2).png, id=48, 220.825pt x 180.675pt>
File: files/2/UI/circuit(2).png Graphic file (type png)
<use files/2/UI/circuit(2).png>
Package pdftex.def Info: files/2/UI/circuit(2).png  used on input line 221.
(pdftex.def)             Requested size: 111.2482pt x 91.02097pt.
<files/2/UI/circuit(3).png, id=49, 200.75pt x 180.675pt>
File: files/2/UI/circuit(3).png Graphic file (type png)
<use files/2/UI/circuit(3).png>
Package pdftex.def Info: files/2/UI/circuit(3).png  used on input line 222.
(pdftex.def)             Requested size: 111.2482pt x 100.12692pt.
[4 <./files/obr/Pr2_2025.pdf> <./files/2/UI/circuit.png> <./files/2/UI/circuit(
1).png> <./files/2/UI/circuit(2).png> <./files/2/UI/circuit(3).png>]
<files/2/RI/circuit.png, id=59, 281.05pt x 260.975pt>
File: files/2/RI/circuit.png Graphic file (type png)
<use files/2/RI/circuit.png>
Package pdftex.def Info: files/2/RI/circuit.png  used on input line 258.
(pdftex.def)             Requested size: 111.2482pt x 103.30103pt.
<files/2/RI/circuit(1).png, id=60, 281.05pt x 260.975pt>
File: files/2/RI/circuit(1).png Graphic file (type png)
<use files/2/RI/circuit(1).png>
Package pdftex.def Info: files/2/RI/circuit(1).png  used on input line 259.
(pdftex.def)             Requested size: 111.2482pt x 103.30103pt.
<files/2/RI/circuit(2).png, id=61, 240.9pt x 180.675pt>
File: files/2/RI/circuit(2).png Graphic file (type png)
<use files/2/RI/circuit(2).png>
Package pdftex.def Info: files/2/RI/circuit(2).png  used on input line 260.
(pdftex.def)             Requested size: 111.2482pt x 83.43405pt.
<files/2/RI/circuit(3).png, id=62, 240.9pt x 160.6pt>
File: files/2/RI/circuit(3).png Graphic file (type png)
<use files/2/RI/circuit(3).png>
Package pdftex.def Info: files/2/RI/circuit(3).png  used on input line 261.
(pdftex.def)             Requested size: 111.2482pt x 74.1636pt.
<files/2/circuit.png, id=63, 160.6pt x 160.6pt>
File: files/2/circuit.png Graphic file (type png)
<use files/2/circuit.png>
Package pdftex.def Info: files/2/circuit.png  used on input line 275.
(pdftex.def)             Requested size: 145.11053pt x 145.11453pt.
 [5 <./files/2/RI/circuit.png> <./files/2/RI/circuit(1).png> <./files/2/RI/circ
uit(2).png> <./files/2/RI/circuit(3).png>] [6 <./files/2/circuit.png>]

pdfTeX warning: pdflatex (file ./files/obr/Pr3_2025.pdf): PDF inclusion: found 
PDF version <1.7>, but at most version <1.5> allowed
<files/obr/Pr3_2025.pdf, id=72, 582.175pt x 394.47375pt>
File: files/obr/Pr3_2025.pdf Graphic file (type pdf)
<use files/obr/Pr3_2025.pdf>
Package pdftex.def Info: files/obr/Pr3_2025.pdf  used on input line 302.
(pdftex.def)             Requested size: 241.84843pt x 163.87209pt.
[7{/usr/share/texmf/fonts/enc/dvips/cm-super/cm-super-ts1.enc} <./files/obr/Pr3
_2025.pdf>] [8]

pdfTeX warning: pdflatex (file ./files/obr/Pr4_2025.pdf): PDF inclusion: found 
PDF version <1.7>, but at most version <1.5> allowed
<files/obr/Pr4_2025.pdf, id=85, 448.67625pt x 273.02pt>
File: files/obr/Pr4_2025.pdf Graphic file (type pdf)
<use files/obr/Pr4_2025.pdf>
Package pdftex.def Info: files/obr/Pr4_2025.pdf  used on input line 402.
(pdftex.def)             Requested size: 290.22107pt x 176.60687pt.
[9 <./files/obr/Pr4_2025.pdf>]

pdfTeX warning: pdflatex (file ./files/obr/Pr5_2025.pdf): PDF inclusion: found 
PDF version <1.7>, but at most version <1.5> allowed
<files/obr/Pr5_2025.pdf, id=94, 270.00874pt x 240.9pt>
File: files/obr/Pr5_2025.pdf Graphic file (type pdf)
<use files/obr/Pr5_2025.pdf>
Package pdftex.def Info: files/obr/Pr5_2025.pdf  used on input line 431.
(pdftex.def)             Requested size: 169.29684pt x 151.04733pt.
[10 <./files/obr/Pr5_2025.pdf>] [11] [12] [13] (./projekt.aux)
 ***********
LaTeX2e <2023-11-01> patch level 1
L3 programming layer <2024-01-22>
 ***********
 ) 
Here is how much of TeX's memory you used:
 10576 strings out of 474222
 220339 string characters out of 5748732
 1937975 words of memory out of 5000000
 32724 multiletter control sequences out of 15000+600000
 578684 words of font info for 88 fonts, out of 8000000 for 9000
 1141 hyphenation exceptions out of 8191
 73i,13n,80p,244b,731s stack positions out of 10000i,1000n,20000p,200000b,200000s
</usr/share/texlive/texmf-dist/fonts/type1/public/amsfonts/cm/cmex10.pfb></us
r/share/texlive/texmf-dist/fonts/type1/public/amsfonts/cm/cmmi10.pfb></usr/shar
e/texlive/texmf-dist/fonts/type1/public/amsfonts/cm/cmmi12.pfb></usr/share/texl
ive/texmf-dist/fonts/type1/public/amsfonts/cm/cmmi6.pfb></usr/share/texlive/tex
mf-dist/fonts/type1/public/amsfonts/cm/cmmi8.pfb></usr/share/texlive/texmf-dist
/fonts/type1/public/amsfonts/cm/cmr10.pfb></usr/share/texlive/texmf-dist/fonts/
type1/public/amsfonts/cm/cmr12.pfb></usr/share/texlive/texmf-dist/fonts/type1/p
ublic/amsfonts/cm/cmr6.pfb></usr/share/texlive/texmf-dist/fonts/type1/public/am
sfonts/cm/cmr8.pfb></usr/share/texlive/texmf-dist/fonts/type1/public/amsfonts/c
m/cmsy10.pfb></usr/share/texlive/texmf-dist/fonts/type1/public/amsfonts/cm/cmsy
6.pfb></usr/share/texlive/texmf-dist/fonts/type1/public/amsfonts/cm/cmsy8.pfb><
/usr/share/texmf/fonts/type1/public/cm-super/sfbx1200.pfb></usr/share/texmf/fon
ts/type1/public/cm-super/sfbx1440.pfb></usr/share/texmf/fonts/type1/public/cm-s
uper/sfbx1728.pfb></usr/share/texmf/fonts/type1/public/cm-super/sfbx2488.pfb></
usr/share/texmf/fonts/type1/public/cm-super/sfcc1728.pfb></usr/share/texmf/font
s/type1/public/cm-super/sfcc2074.pfb></usr/share/texmf/fonts/type1/public/cm-su
per/sfcc2488.pfb></usr/share/texmf/fonts/type1/public/cm-super/sfrm1200.pfb></u
sr/share/texmf/fonts/type1/public/cm-super/sfrm1728.pfb>
Output written on projekt.pdf (14 pages, 389396 bytes).
PDF statistics:
 209 PDF objects out of 1000 (max. 8388607)
 121 compressed objects within 2 object streams
 0 named destinations out of 1000 (max. 500000)
 101 words of extra memory for PDF output out of 10000 (max. 10000000)

